// Jest Snapshot v1, https://goo.gl/fbAQLP

exports[`should render CategoriesHeader correctly 1`] = `
<div
  className="search_results_page__categories"
>
  <div
    className="search-results-page__top__title"
  >
    Category: 
    <span>
      Programming
    </span>
  </div>
</div>
`;
