// Jest Snapshot v1, https://goo.gl/fbAQLP

exports[`should render the CourseListItem correctly 1`] = `
<div>
  <h3>
    Learn react
  </h3>
  <p />
  <p>
    price: 
    300
  </p>
  <p>
    udacity
  </p>
  <a
    href="some_url"
    target="_blank"
  >
    url_to_course
  </a>
</div>
`;
