// Jest Snapshot v1, https://goo.gl/fbAQLP

exports[`should render CourseSearchForm correctly 1`] = `
<form
  className="search-wrapper__form undefined"
  onSubmit={[Function]}
>
  <input
    autoFocus={true}
    className="text-input text-input--search"
    onChange={[Function]}
    placeholder="What are you looking for?"
    type="text"
    value="Hello world"
  />
  <button
    className="button button--search"
    type="submit"
  >
    <img
      alt="Magnifier glass icon"
      className="icon"
      src="../../images/search-icon.svg"
    />
  </button>
</form>
`;
