// Jest Snapshot v1, https://goo.gl/fbAQLP

exports[`should render CourseListSearch correctly 1`] = `
<form
  onSubmit={[Function]}
>
  <input
    autoFocus={true}
    onChange={[Function]}
    placeholder="What are you looking for?"
    type="text"
  />
  <button
    type="submit"
  >
    Search
  </button>
</form>
`;
