// Jest Snapshot v1, https://goo.gl/fbAQLP

exports[`should render the CourseList correctly 1`] = `
<div
  className="course-info"
>
  <div
    className="col col--left"
  >
    <h3 />
    <span>
      ★ ★ ★ ★ ★
    </span>
    <p />
    <div
      className="show-for-desktop"
    >
      <CourseDescription
        description=""
        duration=""
        image=""
        platform=""
        price=""
        shortSummary=""
        syllabus=""
        title=""
        urlToCourse=""
      />
    </div>
  </div>
  <div
    className="col col--right"
  >
    <div
      className="icon-container"
    >
      <img
        alt="course image"
        className="course-image"
        src=""
      />
    </div>
    <div
      className="col--right__summary-details"
    >
      <h3>
        Price: 
      </h3>
      <p>
        <a
          href=""
        >
          View course
        </a>
      </p>
      <p>
        Platform: 
      </p>
      <p>
        Duration: 
      </p>
      <p>
        University/partners
      </p>
    </div>
  </div>
  <div
    className="show-for-mobile col col--left"
  >
    <CourseDescription
      description=""
      duration=""
      image=""
      platform=""
      price=""
      shortSummary=""
      syllabus=""
      title=""
      urlToCourse=""
    />
  </div>
</div>
`;
