// Jest Snapshot v1, https://goo.gl/fbAQLP

exports[`should render CourseSearchList correctly 1`] = `
<div>
  <Connect(CourseSearchForm)
    onSubmit={[Function]}
  />
</div>
`;
