// Jest Snapshot v1, https://goo.gl/fbAQLP

exports[`should render CourseSearchMain correctly 1`] = `
<div
  className="search-wrapper search-main"
>
  <h1
    className="search-main__header"
  >
    Find all the online courses from every website
  </h1>
  <div
    className="search-main__input"
  >
    <Connect(CourseSearchForm)
      formClass=""
      onSubmit={[Function]}
    />
  </div>
</div>
`;
