// Jest Snapshot v1, https://goo.gl/fbAQLP

exports[`should render CourseListFilters correctly 1`] = `
<div>
  Filters
</div>
`;
