// Jest Snapshot v1, https://goo.gl/fbAQLP

exports[`should render LoadingPage correctly 1`] = `
<div
  className="loader"
>
  <WithStyles(CircularProgress)
    color="inherit"
  />
</div>
`;
