// Jest Snapshot v1, https://goo.gl/fbAQLP

exports[`should render expense dashboard page correctly 1`] = `
<div
  className="main-page"
>
  <ReactTitle
    title="CourseSearch | Find & compare the best free online Courses & MOOC"
  />
  <Connect(CourseSearchMain) />
  <MainPageData />
</div>
`;
